[17:38:24] 
========== ROUND 1 ==========
[17:39:05] 等待 boot_completed...
[17:39:05] boot_completed ✅
[17:39:05] 🔥 启动压力
[17:39:10] 等待 CE ready...
[17:39:28] 
========== ROUND 1 ==========
[17:40:06] 等待 boot_completed...
[17:40:16] boot_completed ✅
[17:40:16] 🔥 启动压力
[17:40:20] 等待 CE ready...
[17:40:57] CE fail ❌
[17:40:57] 
========== ROUND 2 ==========
[17:41:35] 等待 boot_completed...
[17:41:46] boot_completed ✅
[17:41:46] 🔥 启动压力
[17:41:50] 等待 CE ready...
[17:42:26] CE fail ❌
[17:42:26] 
========== ROUND 3 ==========
[17:42:56] 等待 boot_completed...
[17:43:06] boot_completed ✅
[17:43:06] 🔥 启动压力
[17:43:10] 等待 CE ready...
[17:43:48] CE fail ❌
[17:43:48] 
========== ROUND 4 ==========
[17:44:26] 等待 boot_completed...
[17:44:35] boot_completed ✅
[17:44:35] 🔥 启动压力
[17:44:39] 等待 CE ready...
[17:45:16] CE fail ❌
[17:45:16] 
========== ROUND 5 ==========
[17:45:54] 等待 boot_completed...
[17:46:04] boot_completed ✅
[17:46:04] 🔥 启动压力
[17:46:08] 等待 CE ready...
